MUSL_BSD_COMPAT_1.0 {
	global:
		musl_bsd_core_abi;
		__finite;
		__finitef;
		__finitel;
		__fxstat64;
		__isinf;
		__isinff;
		__isinfl;
		__isnan;
		__isnanf;
		__isnanl;
		__lxstat64;
		__realpath_chk;
		__register_atfork;
		__rawmemchr;
		__sched_cpualloc;
		__sched_cpufree;
		__strftime_l;
		__strdup;
		__strtok_r;
		__xstat64;
		alphasort64;
		backtrace;
		dladdr1;
		dlmopen;
		dlvsym;
		error;
		error_at_line;
		error_message_count;
		error_one_per_line;
		error_print_progname;
		fopen64;
		fseeko64;
		fstat64;
		fstatat64;
		fallocate64;
		ftello64;
		fsconfig;
		fsopen;
		fsmount;
		fspick;
		gnu_get_libc_release;
		gnu_get_libc_version;
		execv;
		execve;
		execvp;
		lseek64;
		lstat64;
		malloc_trim;
		mallinfo;
		mmap64;
		mount_setattr;
		mtrace;
		move_mount;
		muntrace;
		open_tree;
		open64;
		pread64;
		pwrite64;
		readlink;
		register_atfork;
		scandir64;
		stat64;
		strlcat;
		strlcpy;
	local:
		*;
};

GLIBC_2.2.5 {
	global:
		__pthread_key_create;
		pthread_attr_destroy;
		pthread_attr_init;
		pthread_attr_setdetachstate;
		pthread_attr_setguardsize;
		pthread_attr_setinheritsched;
		pthread_attr_setscope;
		pthread_attr_setschedparam;
		pthread_attr_setschedpolicy;
		pthread_attr_setstack;
		pthread_attr_setstacksize;
		pthread_create;
		pthread_detach;
		pthread_join;
		pthread_mutex_destroy;
		pthread_mutex_init;
		pthread_mutex_lock;
		pthread_mutex_trylock;
		pthread_mutex_unlock;
		pthread_mutexattr_destroy;
		pthread_mutexattr_init;
		pthread_mutexattr_setpshared;
		pthread_mutexattr_settype;
		pthread_once;
		pthread_condattr_destroy;
		pthread_condattr_init;
		pthread_rwlock_destroy;
		pthread_rwlock_init;
		pthread_rwlock_rdlock;
		pthread_rwlock_tryrdlock;
		pthread_rwlock_trywrlock;
		pthread_rwlock_unlock;
		pthread_rwlock_wrlock;
		pthread_rwlockattr_destroy;
		pthread_rwlockattr_init;
		pthread_rwlockattr_setpshared;
		pthread_condattr_setpshared;
		sem_destroy;
		sem_init;
		sem_post;
		sem_timedwait;
		sem_trywait;
		sem_wait;
};

GLIBC_2.3.2 {
	global:
		pthread_cond_broadcast;
		pthread_cond_destroy;
		pthread_cond_init;
		pthread_cond_signal;
		pthread_cond_timedwait;
		pthread_cond_wait;
} GLIBC_2.2.5;

GLIBC_2.3.3 {
	global:
		pthread_condattr_setclock;
} GLIBC_2.3.2;

GLIBC_2.4 {
	global:
		pthread_mutexattr_setprotocol;
} GLIBC_2.3.3;
